21:05:38 **** Build of configuration Release for project gsm ****
make all 
Building file: ../src/main.c
Invoking: GNU RISC-V Cross C Compiler
riscv64-unknown-elf-gcc -march=rv32imc -mabi=ilp32 -msmall-data-limit=8 -Os -fmessage-length=0 -fsigned-char -ffunction-sections -fdata-sections  -g -I"D:\EDAptix\projects\arduissimo\dev\tests\chstone\gsm\gsm_ws_rv32imc\gsm\include" -std=gnu11 -MMD -MP -MF"src/main.d" -MT"src/main.o" -c -o "src/main.o" "../src/main.c"
Finished building: ../src/main.c
 
Building target: gsm.elf
Invoking: GNU RISC-V Cross C Linker
riscv64-unknown-elf-gcc -march=rv32imc -mabi=ilp32 -msmall-data-limit=8 -Os -fmessage-length=0 -fsigned-char -ffunction-sections -fdata-sections  -g -Xlinker --gc-sections -Wl,-Map,"gsm.map" -o "gsm.elf"  ./src/main.o   
Finished building target: gsm.elf
 
Invoking: GNU RISC-V Cross Create Flash Image
riscv64-unknown-elf-objcopy -O ihex "gsm.elf"  "gsm.hex"
Finished building: gsm.hex
 
Invoking: GNU RISC-V Cross Print Size
riscv64-unknown-elf-size --format=berkeley "gsm.elf"
   text	   data	    bss	    dec	    hex	filename
   4284	   1080	     28	   5392	   1510	gsm.elf
Finished building: gsm.siz
 

21:05:53 Build Finished (took 14s.793ms)

