22:40:14 **** Incremental Build of configuration Release for project colors_0 ****
make all 
Building file: ../src/main.c
Invoking: GNU RISC-V Cross C Compiler
riscv64-unknown-elf-gcc -march=rv32imc -mabi=ilp32 -msmall-data-limit=8 -Os -fmessage-length=0 -fsigned-char -ffunction-sections -fdata-sections  -g -I"C:\projects\arduissimo\work\demo\colors\ws_colors\colors_0\include" -std=gnu11 -MMD -MP -MF"src/main.d" -MT"src/main.o" -c -o "src/main.o" "../src/main.c"
Finished building: ../src/main.c
 
Building target: colors_0.elf
Invoking: GNU RISC-V Cross C++ Linker
riscv64-unknown-elf-g++ -march=rv32imc -mabi=ilp32 -msmall-data-limit=8 -Os -fmessage-length=0 -fsigned-char -ffunction-sections -fdata-sections  -g -Xlinker --gc-sections -Wl,-Map,"colors_0.map" -o "colors_0.elf"  ./src/main.o  ./include/system.o   
Finished building target: colors_0.elf
 
Invoking: GNU RISC-V Cross Create Flash Image
riscv64-unknown-elf-objcopy -O ihex "colors_0.elf"  "colors_0.hex"
Finished building: colors_0.hex
 
Invoking: GNU RISC-V Cross Print Size
riscv64-unknown-elf-size --format=berkeley "colors_0.elf"
   text	   data	    bss	    dec	    hex	filename
   3068	   1080	     40	   4188	   105c	colors_0.elf
Finished building: colors_0.siz
 

22:40:16 Build Finished (took 1s.770ms)

