14:59:49 **** Build of configuration Release for project drivers_i2c_0 ****
make all 
Building file: ../src/main.c
Invoking: GNU RISC-V Cross C Compiler
riscv64-unknown-elf-gcc -march=rv32imc -mabi=ilp32 -msmall-data-limit=8 -Os -fmessage-length=0 -fsigned-char -ffunction-sections -fdata-sections  -g -I"D:\EDAptix\projects\arduissimo\work\demo\drivers_i2c\ws_drivers_i2c\drivers_i2c_0\include" -std=gnu11 -MMD -MP -MF"src/main.d" -MT"src/main.o" -c -o "src/main.o" "../src/main.c"
In file included from ../src/main.c:4:0:
D:\EDAptix\projects\arduissimo\work\demo\drivers_i2c\ws_drivers_i2c\drivers_i2c_0\include/driver_gpio.h: In function 'set_dir':
D:\EDAptix\projects\arduissimo\work\demo\drivers_i2c\ws_drivers_i2c\drivers_i2c_0\include/driver_gpio.h:12:25: warning: initialization from incompatible pointer type [-Wincompatible-pointer-types]
  unsigned* gpio_n_dir = &GPIO_0_DIR_CLR;
                         ^
In file included from ../src/main.c:5:0:
D:\EDAptix\projects\arduissimo\work\demo\drivers_i2c\ws_drivers_i2c\drivers_i2c_0\include/driver_i2c.h: In function 'i2c_master_init':
D:\EDAptix\projects\arduissimo\work\demo\drivers_i2c\ws_drivers_i2c\drivers_i2c_0\include/driver_i2c.h:78:27: warning: initialization from incompatible pointer type [-Wincompatible-pointer-types]
    unsigned* gpio_n_out = &GPIO_0_OUT_CLR;
                           ^
D:\EDAptix\projects\arduissimo\work\demo\drivers_i2c\ws_drivers_i2c\drivers_i2c_0\include/driver_i2c.h:89:31: warning: assignment makes integer from pointer without a cast [-Wint-conversion]
    i2c_master_scl_clr_add[id] = gpio_n_out;
                               ^
D:\EDAptix\projects\arduissimo\work\demo\drivers_i2c\ws_drivers_i2c\drivers_i2c_0\include/driver_i2c.h:91:31: warning: assignment makes integer from pointer without a cast [-Wint-conversion]
    i2c_master_scl_set_add[id] = gpio_n_out;
                               ^
D:\EDAptix\projects\arduissimo\work\demo\drivers_i2c\ws_drivers_i2c\drivers_i2c_0\include/driver_i2c.h:96:15: warning: assignment from incompatible pointer type [-Wincompatible-pointer-types]
    gpio_n_out = &GPIO_0_OUT_CLR;
               ^
D:\EDAptix\projects\arduissimo\work\demo\drivers_i2c\ws_drivers_i2c\drivers_i2c_0\include/driver_i2c.h:105:31: warning: assignment makes integer from pointer without a cast [-Wint-conversion]
    i2c_master_sda_clr_add[id] = gpio_n_out;
                               ^
D:\EDAptix\projects\arduissimo\work\demo\drivers_i2c\ws_drivers_i2c\drivers_i2c_0\include/driver_i2c.h:107:31: warning: assignment makes integer from pointer without a cast [-Wint-conversion]
    i2c_master_sda_set_add[id] = gpio_n_out;
                               ^
D:\EDAptix\projects\arduissimo\work\demo\drivers_i2c\ws_drivers_i2c\drivers_i2c_0\include/driver_i2c.h:112:28: warning: assignment makes integer from pointer without a cast [-Wint-conversion]
    i2c_master_sda_bank[id] = gpio_n_out;
                            ^
D:\EDAptix\projects\arduissimo\work\demo\drivers_i2c\ws_drivers_i2c\drivers_i2c_0\include/driver_i2c.h: In function 'i2c_master_event':
D:\EDAptix\projects\arduissimo\work\demo\drivers_i2c\ws_drivers_i2c\drivers_i2c_0\include/driver_i2c.h:180:25: warning: assignment makes pointer from integer without a cast [-Wint-conversion]
              gpio_n_out = i2c_master_sda_clr_add[tag];
                         ^
D:\EDAptix\projects\arduissimo\work\demo\drivers_i2c\ws_drivers_i2c\drivers_i2c_0\include/driver_i2c.h:190:25: warning: assignment makes pointer from integer without a cast [-Wint-conversion]
              gpio_n_out = i2c_master_sda_set_add[tag];
                         ^
D:\EDAptix\projects\arduissimo\work\demo\drivers_i2c\ws_drivers_i2c\drivers_i2c_0\include/driver_i2c.h:201:38: warning: initialization makes pointer from integer without a cast [-Wint-conversion]
                unsigned* gpio_n_in = i2c_master_sda_bank[tag];
                                      ^~~~~~~~~~~~~~~~~~~
D:\EDAptix\projects\arduissimo\work\demo\drivers_i2c\ws_drivers_i2c\drivers_i2c_0\include/driver_i2c.h:221:25: warning: assignment makes pointer from integer without a cast [-Wint-conversion]
              gpio_n_out = i2c_master_scl_set_add[tag];
                         ^
D:\EDAptix\projects\arduissimo\work\demo\drivers_i2c\ws_drivers_i2c\drivers_i2c_0\include/driver_i2c.h:231:28: warning: assignment makes pointer from integer without a cast [-Wint-conversion]
                 gpio_n_out = i2c_master_sda_set_add[tag];
                            ^
D:\EDAptix\projects\arduissimo\work\demo\drivers_i2c\ws_drivers_i2c\drivers_i2c_0\include/driver_i2c.h:233:25: warning: assignment makes pointer from integer without a cast [-Wint-conversion]
              gpio_n_out = i2c_master_sda_clr_add[tag];
                         ^
D:\EDAptix\projects\arduissimo\work\demo\drivers_i2c\ws_drivers_i2c\drivers_i2c_0\include/driver_i2c.h:242:25: warning: assignment makes pointer from integer without a cast [-Wint-conversion]
              gpio_n_out = i2c_master_scl_clr_add[tag];
                         ^
D:\EDAptix\projects\arduissimo\work\demo\drivers_i2c\ws_drivers_i2c\drivers_i2c_0\include/driver_i2c.h: In function 'i2c_slave_init':
D:\EDAptix\projects\arduissimo\work\demo\drivers_i2c\ws_drivers_i2c\drivers_i2c_0\include/driver_i2c.h:280:26: warning: initialization from incompatible pointer type [-Wincompatible-pointer-types]
    unsigned* gpio_n_in = &GPIO_0_IN;
                          ^
D:\EDAptix\projects\arduissimo\work\demo\drivers_i2c\ws_drivers_i2c\drivers_i2c_0\include/driver_i2c.h:282:27: warning: assignment makes integer from pointer without a cast [-Wint-conversion]
    i2c_slave_scl_bank[id] = gpio_n_in;
                           ^
D:\EDAptix\projects\arduissimo\work\demo\drivers_i2c\ws_drivers_i2c\drivers_i2c_0\include/driver_i2c.h:299:14: warning: assignment from incompatible pointer type [-Wincompatible-pointer-types]
    gpio_n_in = &GPIO_0_CAP;
              ^
D:\EDAptix\projects\arduissimo\work\demo\drivers_i2c\ws_drivers_i2c\drivers_i2c_0\include/driver_i2c.h:301:27: warning: assignment makes integer from pointer without a cast [-Wint-conversion]
    i2c_slave_sda_bank[id] = gpio_n_in;
                           ^
D:\EDAptix\projects\arduissimo\work\demo\drivers_i2c\ws_drivers_i2c\drivers_i2c_0\include/driver_i2c.h: In function 'i2c_slave_enable':
D:\EDAptix\projects\arduissimo\work\demo\drivers_i2c\ws_drivers_i2c\drivers_i2c_0\include/driver_i2c.h:320:26: warning: initialization makes pointer from integer without a cast [-Wint-conversion]
    unsigned* gpio_n_in = i2c_slave_sda_bank[id];
                          ^~~~~~~~~~~~~~~~~~
D:\EDAptix\projects\arduissimo\work\demo\drivers_i2c\ws_drivers_i2c\drivers_i2c_0\include/driver_i2c.h: In function 'i2c_slave_event':
D:\EDAptix\projects\arduissimo\work\demo\drivers_i2c\ws_drivers_i2c\drivers_i2c_0\include/driver_i2c.h:364:26: warning: assignment makes pointer from integer without a cast [-Wint-conversion]
                   gpio_n = i2c_slave_sda_bank[tag];
                          ^
D:\EDAptix\projects\arduissimo\work\demo\drivers_i2c\ws_drivers_i2c\drivers_i2c_0\include/driver_i2c.h:373:21: warning: assignment makes pointer from integer without a cast [-Wint-conversion]
              gpio_n = i2c_slave_sda_bank[tag];
                     ^
D:\EDAptix\projects\arduissimo\work\demo\drivers_i2c\ws_drivers_i2c\drivers_i2c_0\include/driver_i2c.h:411:18: warning: assignment makes pointer from integer without a cast [-Wint-conversion]
           gpio_n = i2c_slave_scl_bank[tag] ;
                  ^
D:\EDAptix\projects\arduissimo\work\demo\drivers_i2c\ws_drivers_i2c\drivers_i2c_0\include/driver_i2c.h:420:19: warning: assignment makes pointer from integer without a cast [-Wint-conversion]
            gpio_n = i2c_slave_sda_bank[tag];
                   ^
D:\EDAptix\projects\arduissimo\work\demo\drivers_i2c\ws_drivers_i2c\drivers_i2c_0\include/driver_i2c.h:430:19: warning: assignment makes pointer from integer without a cast [-Wint-conversion]
            gpio_n = i2c_slave_scl_bank[tag];
                   ^
In file included from ../src/main.c:7:0:
D:\EDAptix\projects\arduissimo\work\demo\drivers_i2c\ws_drivers_i2c\drivers_i2c_0\include/driver_rs232.h: In function 'rs232_tx_init':
D:\EDAptix\projects\arduissimo\work\demo\drivers_i2c\ws_drivers_i2c\drivers_i2c_0\include/driver_rs232.h:57:27: warning: initialization from incompatible pointer type [-Wincompatible-pointer-types]
    unsigned* gpio_n_out = &GPIO_0_OUT_CLR;
                           ^
D:\EDAptix\projects\arduissimo\work\demo\drivers_i2c\ws_drivers_i2c\drivers_i2c_0\include/driver_rs232.h:60:25: warning: assignment makes integer from pointer without a cast [-Wint-conversion]
    rs232_tx_clr_add[id] = gpio_n_out;
                         ^
D:\EDAptix\projects\arduissimo\work\demo\drivers_i2c\ws_drivers_i2c\drivers_i2c_0\include/driver_rs232.h:62:25: warning: assignment makes integer from pointer without a cast [-Wint-conversion]
    rs232_tx_set_add[id] = gpio_n_out;
                         ^
D:\EDAptix\projects\arduissimo\work\demo\drivers_i2c\ws_drivers_i2c\drivers_i2c_0\include/driver_rs232.h: In function 'rs232_tx_event':
D:\EDAptix\projects\arduissimo\work\demo\drivers_i2c\ws_drivers_i2c\drivers_i2c_0\include/driver_rs232.h:129:24: warning: assignment makes pointer from integer without a cast [-Wint-conversion]
             gpio_n_out = rs232_tx_set_add[tag];
                        ^
D:\EDAptix\projects\arduissimo\work\demo\drivers_i2c\ws_drivers_i2c\drivers_i2c_0\include/driver_rs232.h:131:24: warning: assignment makes pointer from integer without a cast [-Wint-conversion]
             gpio_n_out = rs232_tx_clr_add[tag];
                        ^
D:\EDAptix\projects\arduissimo\work\demo\drivers_i2c\ws_drivers_i2c\drivers_i2c_0\include/driver_rs232.h: In function 'rs232_rx_init':
D:\EDAptix\projects\arduissimo\work\demo\drivers_i2c\ws_drivers_i2c\drivers_i2c_0\include/driver_rs232.h:172:26: warning: initialization from incompatible pointer type [-Wincompatible-pointer-types]
    unsigned* gpio_n_in = &GPIO_0_IN;
                          ^
D:\EDAptix\projects\arduissimo\work\demo\drivers_i2c\ws_drivers_i2c\drivers_i2c_0\include/driver_rs232.h:174:22: warning: assignment makes integer from pointer without a cast [-Wint-conversion]
    rs232_rx_bank[id] = gpio_n_in;
                      ^
D:\EDAptix\projects\arduissimo\work\demo\drivers_i2c\ws_drivers_i2c\drivers_i2c_0\include/driver_rs232.h: In function 'rs232_rx':
D:\EDAptix\projects\arduissimo\work\demo\drivers_i2c\ws_drivers_i2c\drivers_i2c_0\include/driver_rs232.h:200:17: warning: assignment makes pointer from integer without a cast [-Wint-conversion]
       gpio_n_in = rs232_rx_bank[tag];
                 ^
Finished building: ../src/main.c
 
Building target: drivers_i2c_0.elf
Invoking: GNU RISC-V Cross C Linker
riscv64-unknown-elf-gcc -march=rv32imc -mabi=ilp32 -msmall-data-limit=8 -Os -fmessage-length=0 -fsigned-char -ffunction-sections -fdata-sections  -g -Xlinker --gc-sections -Wl,-Map,"drivers_i2c_0.map" -o "drivers_i2c_0.elf"  ./src/main.o  ./include/system.o   
Finished building target: drivers_i2c_0.elf
 
Invoking: GNU RISC-V Cross Create Flash Image
riscv64-unknown-elf-objcopy -O ihex "drivers_i2c_0.elf"  "drivers_i2c_0.hex"
Finished building: drivers_i2c_0.hex
 
Invoking: GNU RISC-V Cross Print Size
riscv64-unknown-elf-size --format=berkeley "drivers_i2c_0.elf"
   text	   data	    bss	    dec	    hex	filename
   3292	   1080	   1240	   5612	   15ec	drivers_i2c_0.elf
Finished building: drivers_i2c_0.siz
 

15:00:07 Build Finished (took 17s.500ms)

