22:33:46 **** Incremental Build of configuration Release for project blinky64_3 ****
make all 
Building target: blinky64_3.elf
Invoking: GNU RISC-V Cross C++ Linker
riscv64-unknown-elf-g++ -march=rv32imc -mabi=ilp32 -msmall-data-limit=8 -Os -fmessage-length=0 -fsigned-char -ffunction-sections -fdata-sections  -g -Xlinker --gc-sections -Wl,-Map,"blinky64_3.map" -o "blinky64_3.elf"  ./src/main.o   
Finished building target: blinky64_3.elf
 
Invoking: GNU RISC-V Cross Create Flash Image
riscv64-unknown-elf-objcopy -O ihex "blinky64_3.elf"  "blinky64_3.hex"
Finished building: blinky64_3.hex
 
Invoking: GNU RISC-V Cross Print Size
riscv64-unknown-elf-size --format=berkeley "blinky64_3.elf"
   text	   data	    bss	    dec	    hex	filename
   2976	   1080	     28	   4084	    ff4	blinky64_3.elf
Finished building: blinky64_3.siz
 

22:33:49 Build Finished (took 2s.372ms)

