Archive member included to satisfy reference by file (symbol)

d:/edaptix/projects/hifive/download_180812/freedomstudio/freedomstudio/sifive/riscv64-unknown-elf-gcc-20171231-x86_64-w64-mingw32/bin/../lib/gcc/riscv64-unknown-elf/7.2.0/../../../../riscv64-unknown-elf/lib/rv32im/ilp32\libc.a(lib_a-atexit.o)
                              d:/edaptix/projects/hifive/download_180812/freedomstudio/freedomstudio/sifive/riscv64-unknown-elf-gcc-20171231-x86_64-w64-mingw32/bin/../lib/gcc/riscv64-unknown-elf/7.2.0/../../../../riscv64-unknown-elf/lib/rv32im/ilp32/crt0.o (atexit)
d:/edaptix/projects/hifive/download_180812/freedomstudio/freedomstudio/sifive/riscv64-unknown-elf-gcc-20171231-x86_64-w64-mingw32/bin/../lib/gcc/riscv64-unknown-elf/7.2.0/../../../../riscv64-unknown-elf/lib/rv32im/ilp32\libc.a(lib_a-exit.o)
                              d:/edaptix/projects/hifive/download_180812/freedomstudio/freedomstudio/sifive/riscv64-unknown-elf-gcc-20171231-x86_64-w64-mingw32/bin/../lib/gcc/riscv64-unknown-elf/7.2.0/../../../../riscv64-unknown-elf/lib/rv32im/ilp32/crt0.o (exit)
d:/edaptix/projects/hifive/download_180812/freedomstudio/freedomstudio/sifive/riscv64-unknown-elf-gcc-20171231-x86_64-w64-mingw32/bin/../lib/gcc/riscv64-unknown-elf/7.2.0/../../../../riscv64-unknown-elf/lib/rv32im/ilp32\libc.a(lib_a-fini.o)
                              d:/edaptix/projects/hifive/download_180812/freedomstudio/freedomstudio/sifive/riscv64-unknown-elf-gcc-20171231-x86_64-w64-mingw32/bin/../lib/gcc/riscv64-unknown-elf/7.2.0/../../../../riscv64-unknown-elf/lib/rv32im/ilp32/crt0.o (__libc_fini_array)
d:/edaptix/projects/hifive/download_180812/freedomstudio/freedomstudio/sifive/riscv64-unknown-elf-gcc-20171231-x86_64-w64-mingw32/bin/../lib/gcc/riscv64-unknown-elf/7.2.0/../../../../riscv64-unknown-elf/lib/rv32im/ilp32\libc.a(lib_a-impure.o)
                              d:/edaptix/projects/hifive/download_180812/freedomstudio/freedomstudio/sifive/riscv64-unknown-elf-gcc-20171231-x86_64-w64-mingw32/bin/../lib/gcc/riscv64-unknown-elf/7.2.0/../../../../riscv64-unknown-elf/lib/rv32im/ilp32\libc.a(lib_a-exit.o) (_global_impure_ptr)
d:/edaptix/projects/hifive/download_180812/freedomstudio/freedomstudio/sifive/riscv64-unknown-elf-gcc-20171231-x86_64-w64-mingw32/bin/../lib/gcc/riscv64-unknown-elf/7.2.0/../../../../riscv64-unknown-elf/lib/rv32im/ilp32\libc.a(lib_a-init.o)
                              d:/edaptix/projects/hifive/download_180812/freedomstudio/freedomstudio/sifive/riscv64-unknown-elf-gcc-20171231-x86_64-w64-mingw32/bin/../lib/gcc/riscv64-unknown-elf/7.2.0/../../../../riscv64-unknown-elf/lib/rv32im/ilp32/crt0.o (__libc_init_array)
d:/edaptix/projects/hifive/download_180812/freedomstudio/freedomstudio/sifive/riscv64-unknown-elf-gcc-20171231-x86_64-w64-mingw32/bin/../lib/gcc/riscv64-unknown-elf/7.2.0/../../../../riscv64-unknown-elf/lib/rv32im/ilp32\libc.a(lib_a-memset.o)
                              d:/edaptix/projects/hifive/download_180812/freedomstudio/freedomstudio/sifive/riscv64-unknown-elf-gcc-20171231-x86_64-w64-mingw32/bin/../lib/gcc/riscv64-unknown-elf/7.2.0/../../../../riscv64-unknown-elf/lib/rv32im/ilp32/crt0.o (memset)
d:/edaptix/projects/hifive/download_180812/freedomstudio/freedomstudio/sifive/riscv64-unknown-elf-gcc-20171231-x86_64-w64-mingw32/bin/../lib/gcc/riscv64-unknown-elf/7.2.0/../../../../riscv64-unknown-elf/lib/rv32im/ilp32\libc.a(lib_a-__atexit.o)
                              d:/edaptix/projects/hifive/download_180812/freedomstudio/freedomstudio/sifive/riscv64-unknown-elf-gcc-20171231-x86_64-w64-mingw32/bin/../lib/gcc/riscv64-unknown-elf/7.2.0/../../../../riscv64-unknown-elf/lib/rv32im/ilp32\libc.a(lib_a-atexit.o) (__register_exitproc)
d:/edaptix/projects/hifive/download_180812/freedomstudio/freedomstudio/sifive/riscv64-unknown-elf-gcc-20171231-x86_64-w64-mingw32/bin/../lib/gcc/riscv64-unknown-elf/7.2.0/../../../../riscv64-unknown-elf/lib/rv32im/ilp32\libc.a(lib_a-__call_atexit.o)
                              d:/edaptix/projects/hifive/download_180812/freedomstudio/freedomstudio/sifive/riscv64-unknown-elf-gcc-20171231-x86_64-w64-mingw32/bin/../lib/gcc/riscv64-unknown-elf/7.2.0/../../../../riscv64-unknown-elf/lib/rv32im/ilp32\libc.a(lib_a-exit.o) (__call_exitprocs)
d:/edaptix/projects/hifive/download_180812/freedomstudio/freedomstudio/sifive/riscv64-unknown-elf-gcc-20171231-x86_64-w64-mingw32/bin/../lib/gcc/riscv64-unknown-elf/7.2.0/../../../../riscv64-unknown-elf/lib/rv32im/ilp32\libgloss.a(sys_exit.o)
                              d:/edaptix/projects/hifive/download_180812/freedomstudio/freedomstudio/sifive/riscv64-unknown-elf-gcc-20171231-x86_64-w64-mingw32/bin/../lib/gcc/riscv64-unknown-elf/7.2.0/../../../../riscv64-unknown-elf/lib/rv32im/ilp32\libc.a(lib_a-exit.o) (_exit)
d:/edaptix/projects/hifive/download_180812/freedomstudio/freedomstudio/sifive/riscv64-unknown-elf-gcc-20171231-x86_64-w64-mingw32/bin/../lib/gcc/riscv64-unknown-elf/7.2.0/../../../../riscv64-unknown-elf/lib/rv32im/ilp32\libc.a(lib_a-errno.o)
                              d:/edaptix/projects/hifive/download_180812/freedomstudio/freedomstudio/sifive/riscv64-unknown-elf-gcc-20171231-x86_64-w64-mingw32/bin/../lib/gcc/riscv64-unknown-elf/7.2.0/../../../../riscv64-unknown-elf/lib/rv32im/ilp32\libgloss.a(sys_exit.o) (__errno)

Allocating common symbols
Common symbol       size              file

i2c_master_sda_bank
                    0x20              ./src/main.o
i2c_master_trigger  0x20              ./src/main.o
i2c_slave_write_data
                    0x20              ./src/main.o
i2c_slave_state     0x20              ./src/main.o
i2c_master_scl_bit  0x20              ./src/main.o
program_state       0x4               ./src/main.o
i2c_master_sda_set_add
                    0x20              ./src/main.o
i2c_master_hash     0x20              ./src/main.o
i2c_master_sda_bit  0x20              ./src/main.o
i2c_slave_read_data
                    0x20              ./src/main.o
i2c_slave_scl_bank  0x20              ./src/main.o
i2c_slave_sda_bank  0x20              ./src/main.o
i2c_master_sda_clr_add
                    0x20              ./src/main.o
i2c_master_read_data
                    0x20              ./src/main.o
gpio_event_hash     0x120             ./include/driver_gpio.o
i2c_slave_scl_bit   0x20              ./src/main.o
i2c_master_delay    0x20              ./src/main.o
i2c_slave_add       0x20              ./src/main.o
i2c_master_state    0x20              ./src/main.o
i2c_master_scl_set_add
                    0x20              ./src/main.o
i2c_slave_hash      0x20              ./src/main.o
i2c_master_write_data
                    0x20              ./src/main.o
i2c_master_scl_clr_add
                    0x20              ./src/main.o
i2c_slave_sda_bit   0x20              ./src/main.o

Discarded input sections

 .data          0x0000000000000000        0x0 d:/edaptix/projects/hifive/download_180812/freedomstudio/freedomstudio/sifive/riscv64-unknown-elf-gcc-20171231-x86_64-w64-mingw32/bin/../lib/gcc/riscv64-unknown-elf/7.2.0/../../../../riscv64-unknown-elf/lib/rv32im/ilp32/crt0.o
 .bss           0x0000000000000000        0x0 d:/edaptix/projects/hifive/download_180812/freedomstudio/freedomstudio/sifive/riscv64-unknown-elf-gcc-20171231-x86_64-w64-mingw32/bin/../lib/gcc/riscv64-unknown-elf/7.2.0/../../../../riscv64-unknown-elf/lib/rv32im/ilp32/crt0.o
 .data          0x0000000000000000        0x0 d:/edaptix/projects/hifive/download_180812/freedomstudio/freedomstudio/sifive/riscv64-unknown-elf-gcc-20171231-x86_64-w64-mingw32/bin/../lib/gcc/riscv64-unknown-elf/7.2.0/rv32im/ilp32/crtbegin.o
 .sdata         0x0000000000000000        0x4 d:/edaptix/projects/hifive/download_180812/freedomstudio/freedomstudio/sifive/riscv64-unknown-elf-gcc-20171231-x86_64-w64-mingw32/bin/../lib/gcc/riscv64-unknown-elf/7.2.0/rv32im/ilp32/crtbegin.o
 .text          0x0000000000000000        0x0 ./src/main.o
 .data          0x0000000000000000        0x0 ./src/main.o
 .bss           0x0000000000000000        0x0 ./src/main.o
 .text          0x0000000000000000        0x0 ./include/ca_util.o
 .data          0x0000000000000000        0x0 ./include/ca_util.o
 .bss           0x0000000000000000        0x0 ./include/ca_util.o
 .text          0x0000000000000000        0x0 ./include/driver_gpio.o
 .data          0x0000000000000000        0x0 ./include/driver_gpio.o
 .bss           0x0000000000000000        0x0 ./include/driver_gpio.o
 .text.set_pin  0x0000000000000000       0x1e ./include/driver_gpio.o
 .text          0x0000000000000000        0x0 ./include/driver_i2c.o
 .data          0x0000000000000000        0x0 ./include/driver_i2c.o
 .bss           0x0000000000000000        0x0 ./include/driver_i2c.o
 .text.i2c_master_read
                0x0000000000000000       0x5c ./include/driver_i2c.o
 .text          0x0000000000000000        0x0 ./include/driver_i2c_custom.o
 .data          0x0000000000000000        0x0 ./include/driver_i2c_custom.o
 .bss           0x0000000000000000        0x0 ./include/driver_i2c_custom.o
 .data          0x0000000000000000        0x0 d:/edaptix/projects/hifive/download_180812/freedomstudio/freedomstudio/sifive/riscv64-unknown-elf-gcc-20171231-x86_64-w64-mingw32/bin/../lib/gcc/riscv64-unknown-elf/7.2.0/../../../../riscv64-unknown-elf/lib/rv32im/ilp32\libc.a(lib_a-atexit.o)
 .bss           0x0000000000000000        0x0 d:/edaptix/projects/hifive/download_180812/freedomstudio/freedomstudio/sifive/riscv64-unknown-elf-gcc-20171231-x86_64-w64-mingw32/bin/../lib/gcc/riscv64-unknown-elf/7.2.0/../../../../riscv64-unknown-elf/lib/rv32im/ilp32\libc.a(lib_a-atexit.o)
 .data          0x0000000000000000        0x0 d:/edaptix/projects/hifive/download_180812/freedomstudio/freedomstudio/sifive/riscv64-unknown-elf-gcc-20171231-x86_64-w64-mingw32/bin/../lib/gcc/riscv64-unknown-elf/7.2.0/../../../../riscv64-unknown-elf/lib/rv32im/ilp32\libc.a(lib_a-exit.o)
 .bss           0x0000000000000000        0x0 d:/edaptix/projects/hifive/download_180812/freedomstudio/freedomstudio/sifive/riscv64-unknown-elf-gcc-20171231-x86_64-w64-mingw32/bin/../lib/gcc/riscv64-unknown-elf/7.2.0/../../../../riscv64-unknown-elf/lib/rv32im/ilp32\libc.a(lib_a-exit.o)
 .data          0x0000000000000000        0x0 d:/edaptix/projects/hifive/download_180812/freedomstudio/freedomstudio/sifive/riscv64-unknown-elf-gcc-20171231-x86_64-w64-mingw32/bin/../lib/gcc/riscv64-unknown-elf/7.2.0/../../../../riscv64-unknown-elf/lib/rv32im/ilp32\libc.a(lib_a-fini.o)
 .bss           0x0000000000000000        0x0 d:/edaptix/projects/hifive/download_180812/freedomstudio/freedomstudio/sifive/riscv64-unknown-elf-gcc-20171231-x86_64-w64-mingw32/bin/../lib/gcc/riscv64-unknown-elf/7.2.0/../../../../riscv64-unknown-elf/lib/rv32im/ilp32\libc.a(lib_a-fini.o)
 .text          0x0000000000000000        0x0 d:/edaptix/projects/hifive/download_180812/freedomstudio/freedomstudio/sifive/riscv64-unknown-elf-gcc-20171231-x86_64-w64-mingw32/bin/../lib/gcc/riscv64-unknown-elf/7.2.0/../../../../riscv64-unknown-elf/lib/rv32im/ilp32\libc.a(lib_a-impure.o)
 .bss           0x0000000000000000        0x0 d:/edaptix/projects/hifive/download_180812/freedomstudio/freedomstudio/sifive/riscv64-unknown-elf-gcc-20171231-x86_64-w64-mingw32/bin/../lib/gcc/riscv64-unknown-elf/7.2.0/../../../../riscv64-unknown-elf/lib/rv32im/ilp32\libc.a(lib_a-impure.o)
 .data          0x0000000000000000        0x0 d:/edaptix/projects/hifive/download_180812/freedomstudio/freedomstudio/sifive/riscv64-unknown-elf-gcc-20171231-x86_64-w64-mingw32/bin/../lib/gcc/riscv64-unknown-elf/7.2.0/../../../../riscv64-unknown-elf/lib/rv32im/ilp32\libc.a(lib_a-init.o)
 .bss           0x0000000000000000        0x0 d:/edaptix/projects/hifive/download_180812/freedomstudio/freedomstudio/sifive/riscv64-unknown-elf-gcc-20171231-x86_64-w64-mingw32/bin/../lib/gcc/riscv64-unknown-elf/7.2.0/../../../../riscv64-unknown-elf/lib/rv32im/ilp32\libc.a(lib_a-init.o)
 .data          0x0000000000000000        0x0 d:/edaptix/projects/hifive/download_180812/freedomstudio/freedomstudio/sifive/riscv64-unknown-elf-gcc-20171231-x86_64-w64-mingw32/bin/../lib/gcc/riscv64-unknown-elf/7.2.0/../../../../riscv64-unknown-elf/lib/rv32im/ilp32\libc.a(lib_a-memset.o)
 .bss           0x0000000000000000        0x0 d:/edaptix/projects/hifive/download_180812/freedomstudio/freedomstudio/sifive/riscv64-unknown-elf-gcc-20171231-x86_64-w64-mingw32/bin/../lib/gcc/riscv64-unknown-elf/7.2.0/../../../../riscv64-unknown-elf/lib/rv32im/ilp32\libc.a(lib_a-memset.o)
 .data          0x0000000000000000        0x0 d:/edaptix/projects/hifive/download_180812/freedomstudio/freedomstudio/sifive/riscv64-unknown-elf-gcc-20171231-x86_64-w64-mingw32/bin/../lib/gcc/riscv64-unknown-elf/7.2.0/../../../../riscv64-unknown-elf/lib/rv32im/ilp32\libc.a(lib_a-__atexit.o)
 .bss           0x0000000000000000        0x0 d:/edaptix/projects/hifive/download_180812/freedomstudio/freedomstudio/sifive/riscv64-unknown-elf-gcc-20171231-x86_64-w64-mingw32/bin/../lib/gcc/riscv64-unknown-elf/7.2.0/../../../../riscv64-unknown-elf/lib/rv32im/ilp32\libc.a(lib_a-__atexit.o)
 .data          0x0000000000000000        0x0 d:/edaptix/projects/hifive/download_180812/freedomstudio/freedomstudio/sifive/riscv64-unknown-elf-gcc-20171231-x86_64-w64-mingw32/bin/../lib/gcc/riscv64-unknown-elf/7.2.0/../../../../riscv64-unknown-elf/lib/rv32im/ilp32\libc.a(lib_a-__call_atexit.o)
 .bss           0x0000000000000000        0x0 d:/edaptix/projects/hifive/download_180812/freedomstudio/freedomstudio/sifive/riscv64-unknown-elf-gcc-20171231-x86_64-w64-mingw32/bin/../lib/gcc/riscv64-unknown-elf/7.2.0/../../../../riscv64-unknown-elf/lib/rv32im/ilp32\libc.a(lib_a-__call_atexit.o)
 .data          0x0000000000000000        0x0 d:/edaptix/projects/hifive/download_180812/freedomstudio/freedomstudio/sifive/riscv64-unknown-elf-gcc-20171231-x86_64-w64-mingw32/bin/../lib/gcc/riscv64-unknown-elf/7.2.0/../../../../riscv64-unknown-elf/lib/rv32im/ilp32\libgloss.a(sys_exit.o)
 .bss           0x0000000000000000        0x0 d:/edaptix/projects/hifive/download_180812/freedomstudio/freedomstudio/sifive/riscv64-unknown-elf-gcc-20171231-x86_64-w64-mingw32/bin/../lib/gcc/riscv64-unknown-elf/7.2.0/../../../../riscv64-unknown-elf/lib/rv32im/ilp32\libgloss.a(sys_exit.o)
 .data          0x0000000000000000        0x0 d:/edaptix/projects/hifive/download_180812/freedomstudio/freedomstudio/sifive/riscv64-unknown-elf-gcc-20171231-x86_64-w64-mingw32/bin/../lib/gcc/riscv64-unknown-elf/7.2.0/../../../../riscv64-unknown-elf/lib/rv32im/ilp32\libc.a(lib_a-errno.o)
 .bss           0x0000000000000000        0x0 d:/edaptix/projects/hifive/download_180812/freedomstudio/freedomstudio/sifive/riscv64-unknown-elf-gcc-20171231-x86_64-w64-mingw32/bin/../lib/gcc/riscv64-unknown-elf/7.2.0/../../../../riscv64-unknown-elf/lib/rv32im/ilp32\libc.a(lib_a-errno.o)
 .text          0x0000000000000000        0x0 d:/edaptix/projects/hifive/download_180812/freedomstudio/freedomstudio/sifive/riscv64-unknown-elf-gcc-20171231-x86_64-w64-mingw32/bin/../lib/gcc/riscv64-unknown-elf/7.2.0/rv32im/ilp32/crtend.o
 .data          0x0000000000000000        0x0 d:/edaptix/projects/hifive/download_180812/freedomstudio/freedomstudio/sifive/riscv64-unknown-elf-gcc-20171231-x86_64-w64-mingw32/bin/../lib/gcc/riscv64-unknown-elf/7.2.0/rv32im/ilp32/crtend.o
 .bss           0x0000000000000000        0x0 d:/edaptix/projects/hifive/download_180812/freedomstudio/freedomstudio/sifive/riscv64-unknown-elf-gcc-20171231-x86_64-w64-mingw32/bin/../lib/gcc/riscv64-unknown-elf/7.2.0/rv32im/ilp32/crtend.o

Memory Configuration

Name             Origin             Length             Attributes
*default*        0x0000000000000000 0xffffffffffffffff

Linker script and memory map

LOAD d:/edaptix/projects/hifive/download_180812/freedomstudio/freedomstudio/sifive/riscv64-unknown-elf-gcc-20171231-x86_64-w64-mingw32/bin/../lib/gcc/riscv64-unknown-elf/7.2.0/../../../../riscv64-unknown-elf/lib/rv32im/ilp32/crt0.o
LOAD d:/edaptix/projects/hifive/download_180812/freedomstudio/freedomstudio/sifive/riscv64-unknown-elf-gcc-20171231-x86_64-w64-mingw32/bin/../lib/gcc/riscv64-unknown-elf/7.2.0/rv32im/ilp32/crtbegin.o
LOAD ./src/main.o
LOAD ./include/ca_util.o
LOAD ./include/driver_gpio.o
LOAD ./include/driver_i2c.o
LOAD ./include/driver_i2c_custom.o
LOAD d:/edaptix/projects/hifive/download_180812/freedomstudio/freedomstudio/sifive/riscv64-unknown-elf-gcc-20171231-x86_64-w64-mingw32/bin/../lib/gcc/riscv64-unknown-elf/7.2.0/rv32im/ilp32\libgcc.a
START GROUP
LOAD d:/edaptix/projects/hifive/download_180812/freedomstudio/freedomstudio/sifive/riscv64-unknown-elf-gcc-20171231-x86_64-w64-mingw32/bin/../lib/gcc/riscv64-unknown-elf/7.2.0/../../../../riscv64-unknown-elf/lib/rv32im/ilp32\libc.a
LOAD d:/edaptix/projects/hifive/download_180812/freedomstudio/freedomstudio/sifive/riscv64-unknown-elf-gcc-20171231-x86_64-w64-mingw32/bin/../lib/gcc/riscv64-unknown-elf/7.2.0/../../../../riscv64-unknown-elf/lib/rv32im/ilp32\libgloss.a
END GROUP
LOAD d:/edaptix/projects/hifive/download_180812/freedomstudio/freedomstudio/sifive/riscv64-unknown-elf-gcc-20171231-x86_64-w64-mingw32/bin/../lib/gcc/riscv64-unknown-elf/7.2.0/rv32im/ilp32\libgcc.a
LOAD d:/edaptix/projects/hifive/download_180812/freedomstudio/freedomstudio/sifive/riscv64-unknown-elf-gcc-20171231-x86_64-w64-mingw32/bin/../lib/gcc/riscv64-unknown-elf/7.2.0/rv32im/ilp32/crtend.o
                [!provide]                        PROVIDE (__executable_start, SEGMENT_START ("text-segment", 0x10000))
                0x0000000000010074                . = (SEGMENT_START ("text-segment", 0x10000) + SIZEOF_HEADERS)

.interp
 *(.interp)

.note.gnu.build-id
 *(.note.gnu.build-id)

.hash
 *(.hash)

.gnu.hash
 *(.gnu.hash)

.dynsym
 *(.dynsym)

.dynstr
 *(.dynstr)

.gnu.version
 *(.gnu.version)

.gnu.version_d
 *(.gnu.version_d)

.gnu.version_r
 *(.gnu.version_r)

.rela.dyn       0x0000000000010074        0x0
 *(.rela.init)
 *(.rela.text .rela.text.* .rela.gnu.linkonce.t.*)
 .rela.text     0x0000000000010074        0x0 d:/edaptix/projects/hifive/download_180812/freedomstudio/freedomstudio/sifive/riscv64-unknown-elf-gcc-20171231-x86_64-w64-mingw32/bin/../lib/gcc/riscv64-unknown-elf/7.2.0/../../../../riscv64-unknown-elf/lib/rv32im/ilp32/crt0.o
 .rela.text.startup.main
                0x0000000000010074        0x0 d:/edaptix/projects/hifive/download_180812/freedomstudio/freedomstudio/sifive/riscv64-unknown-elf-gcc-20171231-x86_64-w64-mingw32/bin/../lib/gcc/riscv64-unknown-elf/7.2.0/../../../../riscv64-unknown-elf/lib/rv32im/ilp32/crt0.o
 .rela.text.gpio_event
                0x0000000000010074        0x0 d:/edaptix/projects/hifive/download_180812/freedomstudio/freedomstudio/sifive/riscv64-unknown-elf-gcc-20171231-x86_64-w64-mingw32/bin/../lib/gcc/riscv64-unknown-elf/7.2.0/../../../../riscv64-unknown-elf/lib/rv32im/ilp32/crt0.o
 .rela.text.i2c_master_init
                0x0000000000010074        0x0 d:/edaptix/projects/hifive/download_180812/freedomstudio/freedomstudio/sifive/riscv64-unknown-elf-gcc-20171231-x86_64-w64-mingw32/bin/../lib/gcc/riscv64-unknown-elf/7.2.0/../../../../riscv64-unknown-elf/lib/rv32im/ilp32/crt0.o
 .rela.text.i2c_master_event
                0x0000000000010074        0x0 d:/edaptix/projects/hifive/download_180812/freedomstudio/freedomstudio/sifive/riscv64-unknown-elf-gcc-20171231-x86_64-w64-mingw32/bin/../lib/gcc/riscv64-unknown-elf/7.2.0/../../../../riscv64-unknown-elf/lib/rv32im/ilp32/crt0.o
 .rela.text.i2c_master_write
                0x0000000000010074        0x0 d:/edaptix/projects/hifive/download_180812/freedomstudio/freedomstudio/sifive/riscv64-unknown-elf-gcc-20171231-x86_64-w64-mingw32/bin/../lib/gcc/riscv64-unknown-elf/7.2.0/../../../../riscv64-unknown-elf/lib/rv32im/ilp32/crt0.o
 .rela.text.i2c_master_read
                0x0000000000010074        0x0 d:/edaptix/projects/hifive/download_180812/freedomstudio/freedomstudio/sifive/riscv64-unknown-elf-gcc-20171231-x86_64-w64-mingw32/bin/../lib/gcc/riscv64-unknown-elf/7.2.0/../../../../riscv64-unknown-elf/lib/rv32im/ilp32/crt0.o
 .rela.text.i2c_slave_enable
                0x0000000000010074        0x0 d:/edaptix/projects/hifive/download_180812/freedomstudio/freedomstudio/sifive/riscv64-unknown-elf-gcc-20171231-x86_64-w64-mingw32/bin/../lib/gcc/riscv64-unknown-elf/7.2.0/../../../../riscv64-unknown-elf/lib/rv32im/ilp32/crt0.o
 .rela.text.i2c_slave_event
                0x0000000000010074        0x0 d:/edaptix/projects/hifive/download_180812/freedomstudio/freedomstudio/sifive/riscv64-unknown-elf-gcc-20171231-x86_64-w64-mingw32/bin/../lib/gcc/riscv64-unknown-elf/7.2.0/../../../../riscv64-unknown-elf/lib/rv32im/ilp32/crt0.o
 .rela.text.i2c_slave_init
                0x0000000000010074        0x0 d:/edaptix/projects/hifive/download_180812/freedomstudio/freedomstudio/sifive/riscv64-unknown-elf-gcc-20171231-x86_64-w64-mingw32/bin/../lib/gcc/riscv64-unknown-elf/7.2.0/../../../../riscv64-unknown-elf/lib/rv32im/ilp32/crt0.o
 .rela.text.i2c_master_final
                0x0000000000010074        0x0 d:/edaptix/projects/hifive/download_180812/freedomstudio/freedomstudio/sifive/riscv64-unknown-elf-gcc-20171231-x86_64-w64-mingw32/bin/../lib/gcc/riscv64-unknown-elf/7.2.0/../../../../riscv64-unknown-elf/lib/rv32im/ilp32/crt0.o
 .rela.text.i2c_slave_final
                0x0000000000010074        0x0 d:/edaptix/projects/hifive/download_180812/freedomstudio/freedomstudio/sifive/riscv64-unknown-elf-gcc-20171231-x86_64-w64-mingw32/bin/../lib/gcc/riscv64-unknown-elf/7.2.0/../../../../riscv64-unknown-elf/lib/rv32im/ilp32/crt0.o
 *(.rela.fini)
 *(.rela.rodata .rela.rodata.* .rela.gnu.linkonce.r.*)
 *(.rela.data .rela.data.* .rela.gnu.linkonce.d.*)
 *(.rela.tdata .rela.tdata.* .rela.gnu.linkonce.td.*)
 *(.rela.tbss .rela.tbss.* .rela.gnu.linkonce.tb.*)
 *(.rela.ctors)
 *(.rela.dtors)
 *(.rela.got)
 *(.rela.sdata .rela.sdata.* .rela.gnu.linkonce.s.*)
 *(.rela.sbss .rela.sbss.* .rela.gnu.linkonce.sb.*)
 *(.rela.sdata2 .rela.sdata2.* .rela.gnu.linkonce.s2.*)
 *(.rela.sbss2 .rela.sbss2.* .rela.gnu.linkonce.sb2.*)
 *(.rela.bss .rela.bss.* .rela.gnu.linkonce.b.*)
                [!provide]                        PROVIDE (__rela_iplt_start, .)
 *(.rela.iplt)
                [!provide]                        PROVIDE (__rela_iplt_end, .)

.rela.plt
 *(.rela.plt)

.init
 *(SORT(.init))

.plt
 *(.plt)

.iplt
 *(.iplt)

.text           0x0000000000010074      0xcd4
 *(.text.unlikely .text.*_unlikely .text.unlikely.*)
 *(.text.exit .text.exit.*)
 *(.text.startup .text.startup.*)
 .text.startup.main
                0x0000000000010074      0x11c ./src/main.o
                0x0000000000010074                main
 *(.text.hot .text.hot.*)
 *(.text .stub .text.* .gnu.linkonce.t.*)
 .text          0x0000000000010190       0x44 d:/edaptix/projects/hifive/download_180812/freedomstudio/freedomstudio/sifive/riscv64-unknown-elf-gcc-20171231-x86_64-w64-mingw32/bin/../lib/gcc/riscv64-unknown-elf/7.2.0/../../../../riscv64-unknown-elf/lib/rv32im/ilp32/crt0.o
                0x0000000000010190                _start
                0x00000000000101d0                _fini
                0x00000000000101d0                _init
 .text          0x00000000000101d4       0xe8 d:/edaptix/projects/hifive/download_180812/freedomstudio/freedomstudio/sifive/riscv64-unknown-elf-gcc-20171231-x86_64-w64-mingw32/bin/../lib/gcc/riscv64-unknown-elf/7.2.0/rv32im/ilp32/crtbegin.o
 .text.ca_delay
                0x00000000000102bc       0x14 ./include/ca_util.o
                0x00000000000102bc                ca_delay
 .text.set_dir  0x00000000000102d0       0x1c ./include/driver_gpio.o
                0x00000000000102d0                set_dir
 .text.gpio_event
                0x00000000000102ec       0x2e ./include/driver_gpio.o
                0x00000000000102ec                gpio_event
 .text.i2c_master_init
                0x000000000001031a       0xc0 ./include/driver_i2c.o
                0x000000000001031a                i2c_master_init
 .text.i2c_master_event
                0x00000000000103da      0x16c ./include/driver_i2c.o
                0x00000000000103da                i2c_master_event
 .text.i2c_master_write
                0x0000000000010546       0x4a ./include/driver_i2c.o
                0x0000000000010546                i2c_master_write
 .text.i2c_slave_enable
                0x0000000000010590       0x34 ./include/driver_i2c.o
                0x0000000000010590                i2c_slave_enable
 .text.i2c_slave_event
                0x00000000000105c4      0x1ca ./include/driver_i2c.o
                0x00000000000105c4                i2c_slave_event
 .text.i2c_slave_init
                0x000000000001078e       0xb4 ./include/driver_i2c.o
                0x000000000001078e                i2c_slave_init
 .text.i2c_master_final
                0x0000000000010842       0x6c ./include/driver_i2c_custom.o
                0x0000000000010842                i2c_master_final
 .text.i2c_slave_final
                0x00000000000108ae       0x78 ./include/driver_i2c_custom.o
                0x00000000000108ae                i2c_slave_final
 *fill*         0x0000000000010926        0x2 
 .text          0x0000000000010928       0x14 d:/edaptix/projects/hifive/download_180812/freedomstudio/freedomstudio/sifive/riscv64-unknown-elf-gcc-20171231-x86_64-w64-mingw32/bin/../lib/gcc/riscv64-unknown-elf/7.2.0/../../../../riscv64-unknown-elf/lib/rv32im/ilp32\libc.a(lib_a-atexit.o)
                0x0000000000010928                atexit
 .text          0x000000000001093c       0x38 d:/edaptix/projects/hifive/download_180812/freedomstudio/freedomstudio/sifive/riscv64-unknown-elf-gcc-20171231-x86_64-w64-mingw32/bin/../lib/gcc/riscv64-unknown-elf/7.2.0/../../../../riscv64-unknown-elf/lib/rv32im/ilp32\libc.a(lib_a-exit.o)
                0x000000000001093c                exit
 .text          0x0000000000010974       0x74 d:/edaptix/projects/hifive/download_180812/freedomstudio/freedomstudio/sifive/riscv64-unknown-elf-gcc-20171231-x86_64-w64-mingw32/bin/../lib/gcc/riscv64-unknown-elf/7.2.0/../../../../riscv64-unknown-elf/lib/rv32im/ilp32\libc.a(lib_a-fini.o)
                0x0000000000010974                __libc_fini_array
 .text          0x00000000000109e8       0x98 d:/edaptix/projects/hifive/download_180812/freedomstudio/freedomstudio/sifive/riscv64-unknown-elf-gcc-20171231-x86_64-w64-mingw32/bin/../lib/gcc/riscv64-unknown-elf/7.2.0/../../../../riscv64-unknown-elf/lib/rv32im/ilp32\libc.a(lib_a-init.o)
                0x00000000000109e8                __libc_init_array
 .text          0x0000000000010a80       0xdc d:/edaptix/projects/hifive/download_180812/freedomstudio/freedomstudio/sifive/riscv64-unknown-elf-gcc-20171231-x86_64-w64-mingw32/bin/../lib/gcc/riscv64-unknown-elf/7.2.0/../../../../riscv64-unknown-elf/lib/rv32im/ilp32\libc.a(lib_a-memset.o)
                0x0000000000010a80                memset
 .text          0x0000000000010b5c       0x84 d:/edaptix/projects/hifive/download_180812/freedomstudio/freedomstudio/sifive/riscv64-unknown-elf-gcc-20171231-x86_64-w64-mingw32/bin/../lib/gcc/riscv64-unknown-elf/7.2.0/../../../../riscv64-unknown-elf/lib/rv32im/ilp32\libc.a(lib_a-__atexit.o)
                0x0000000000010b5c                __register_exitproc
 .text          0x0000000000010be0      0x114 d:/edaptix/projects/hifive/download_180812/freedomstudio/freedomstudio/sifive/riscv64-unknown-elf-gcc-20171231-x86_64-w64-mingw32/bin/../lib/gcc/riscv64-unknown-elf/7.2.0/../../../../riscv64-unknown-elf/lib/rv32im/ilp32\libc.a(lib_a-__call_atexit.o)
                0x0000000000010be0                __call_exitprocs
 .text          0x0000000000010cf4       0x44 d:/edaptix/projects/hifive/download_180812/freedomstudio/freedomstudio/sifive/riscv64-unknown-elf-gcc-20171231-x86_64-w64-mingw32/bin/../lib/gcc/riscv64-unknown-elf/7.2.0/../../../../riscv64-unknown-elf/lib/rv32im/ilp32\libgloss.a(sys_exit.o)
                0x0000000000010cf4                _exit
 .text          0x0000000000010d38       0x10 d:/edaptix/projects/hifive/download_180812/freedomstudio/freedomstudio/sifive/riscv64-unknown-elf-gcc-20171231-x86_64-w64-mingw32/bin/../lib/gcc/riscv64-unknown-elf/7.2.0/../../../../riscv64-unknown-elf/lib/rv32im/ilp32\libc.a(lib_a-errno.o)
                0x0000000000010d38                __errno
 *(.gnu.warning)

.fini
 *(SORT(.fini))
                [!provide]                        PROVIDE (__etext, .)
                [!provide]                        PROVIDE (_etext, .)
                [!provide]                        PROVIDE (etext, .)

.rodata
 *(.rodata .rodata.* .gnu.linkonce.r.*)

.rodata1
 *(.rodata1)

.sdata2
 *(.sdata2 .sdata2.* .gnu.linkonce.s2.*)

.sbss2
 *(.sbss2 .sbss2.* .gnu.linkonce.sb2.*)

.eh_frame_hdr
 *(.eh_frame_hdr)
 *(.eh_frame_entry .eh_frame_entry.*)

.eh_frame       0x0000000000010d48        0x4
 *(.eh_frame)
 .eh_frame      0x0000000000010d48        0x0 d:/edaptix/projects/hifive/download_180812/freedomstudio/freedomstudio/sifive/riscv64-unknown-elf-gcc-20171231-x86_64-w64-mingw32/bin/../lib/gcc/riscv64-unknown-elf/7.2.0/rv32im/ilp32/crtbegin.o
 .eh_frame      0x0000000000010d48        0x4 d:/edaptix/projects/hifive/download_180812/freedomstudio/freedomstudio/sifive/riscv64-unknown-elf-gcc-20171231-x86_64-w64-mingw32/bin/../lib/gcc/riscv64-unknown-elf/7.2.0/rv32im/ilp32/crtend.o
 *(.eh_frame.*)

.gcc_except_table
 *(.gcc_except_table .gcc_except_table.*)

.gnu_extab
 *(.gnu_extab*)

.exception_ranges
 *(.exception_ranges .exception_ranges*)
                0x0000000000011000                . = DATA_SEGMENT_ALIGN (CONSTANT (MAXPAGESIZE), CONSTANT (COMMONPAGESIZE))

.eh_frame
 *(.eh_frame)
 *(.eh_frame.*)

.gnu_extab
 *(.gnu_extab)

.gcc_except_table
 *(.gcc_except_table .gcc_except_table.*)

.exception_ranges
 *(.exception_ranges .exception_ranges*)

.tdata
 *(.tdata .tdata.* .gnu.linkonce.td.*)

.tbss
 *(.tbss .tbss.* .gnu.linkonce.tb.*)
 *(.tcommon)

.preinit_array  0x0000000000011000        0x0
                0x0000000000011000                PROVIDE (__preinit_array_start, .)
 *(.preinit_array)
                0x0000000000011000                PROVIDE (__preinit_array_end, .)

.init_array     0x0000000000011000        0x4
                0x0000000000011000                PROVIDE (__init_array_start, .)
 *(SORT(.init_array.*) SORT(.ctors.*))
 *(.init_array EXCLUDE_FILE(*crtend?.o *crtend.o *crtbegin?.o *crtbegin.o) .ctors)
 .init_array    0x0000000000011000        0x4 d:/edaptix/projects/hifive/download_180812/freedomstudio/freedomstudio/sifive/riscv64-unknown-elf-gcc-20171231-x86_64-w64-mingw32/bin/../lib/gcc/riscv64-unknown-elf/7.2.0/rv32im/ilp32/crtbegin.o
                0x0000000000011004                PROVIDE (__init_array_end, .)

.fini_array     0x0000000000011004        0x4
                0x0000000000011004                PROVIDE (__fini_array_start, .)
 *(SORT(.fini_array.*) SORT(.dtors.*))
 *(.fini_array EXCLUDE_FILE(*crtend?.o *crtend.o *crtbegin?.o *crtbegin.o) .dtors)
 .fini_array    0x0000000000011004        0x4 d:/edaptix/projects/hifive/download_180812/freedomstudio/freedomstudio/sifive/riscv64-unknown-elf-gcc-20171231-x86_64-w64-mingw32/bin/../lib/gcc/riscv64-unknown-elf/7.2.0/rv32im/ilp32/crtbegin.o
                0x0000000000011008                PROVIDE (__fini_array_end, .)

.ctors
 *crtbegin.o(.ctors)
 *crtbegin?.o(.ctors)
 *(EXCLUDE_FILE(*crtend?.o *crtend.o) .ctors)
 *(SORT(.ctors.*))
 *(.ctors)

.dtors
 *crtbegin.o(.dtors)
 *crtbegin?.o(.dtors)
 *(EXCLUDE_FILE(*crtend?.o *crtend.o) .dtors)
 *(SORT(.dtors.*))
 *(.dtors)

.jcr
 *(.jcr)

.data.rel.ro
 *(.data.rel.ro.local* .gnu.linkonce.d.rel.ro.local.*)
 *(.data.rel.ro .data.rel.ro.* .gnu.linkonce.d.rel.ro.*)

.dynamic
 *(.dynamic)
                0x0000000000011008                . = DATA_SEGMENT_RELRO_END (., 0x0)

.data           0x0000000000011008      0x428
 *(.data .data.* .gnu.linkonce.d.*)
 .data          0x0000000000011008      0x428 d:/edaptix/projects/hifive/download_180812/freedomstudio/freedomstudio/sifive/riscv64-unknown-elf-gcc-20171231-x86_64-w64-mingw32/bin/../lib/gcc/riscv64-unknown-elf/7.2.0/../../../../riscv64-unknown-elf/lib/rv32im/ilp32\libc.a(lib_a-impure.o)

.tm_clone_table
                0x0000000000011430        0x0
 .tm_clone_table
                0x0000000000011430        0x0 d:/edaptix/projects/hifive/download_180812/freedomstudio/freedomstudio/sifive/riscv64-unknown-elf-gcc-20171231-x86_64-w64-mingw32/bin/../lib/gcc/riscv64-unknown-elf/7.2.0/rv32im/ilp32/crtbegin.o
 .tm_clone_table
                0x0000000000011430        0x0 d:/edaptix/projects/hifive/download_180812/freedomstudio/freedomstudio/sifive/riscv64-unknown-elf-gcc-20171231-x86_64-w64-mingw32/bin/../lib/gcc/riscv64-unknown-elf/7.2.0/rv32im/ilp32/crtend.o

.data1
 *(.data1)

.got
 *(.got.plt)
 *(.igot.plt)
 *(.got)
 *(.igot)

.sdata          0x0000000000011430        0x8
                0x0000000000011c30                __global_pointer$ = (. + 0x800)
 *(.srodata.cst16)
 *(.srodata.cst8)
 *(.srodata.cst4)
 *(.srodata.cst2)
 *(.srodata .srodata.*)
 *(.sdata .sdata.* .gnu.linkonce.s.*)
 .sdata         0x0000000000011430        0x8 d:/edaptix/projects/hifive/download_180812/freedomstudio/freedomstudio/sifive/riscv64-unknown-elf-gcc-20171231-x86_64-w64-mingw32/bin/../lib/gcc/riscv64-unknown-elf/7.2.0/../../../../riscv64-unknown-elf/lib/rv32im/ilp32\libc.a(lib_a-impure.o)
                0x0000000000011430                _global_impure_ptr
                0x0000000000011434                _impure_ptr
                0x0000000000011438                _edata = .
                [!provide]                        PROVIDE (edata, .)
                0x0000000000011438                . = .
                0x0000000000011438                __bss_start = .

.sbss
 *(.dynsbss)
 *(.sbss .sbss.* .gnu.linkonce.sb.*)
 *(.scommon)

.bss            0x0000000000011438      0x400
 *(.dynbss)
 *(.bss .bss.* .gnu.linkonce.b.*)
 .bss           0x0000000000011438       0x1c d:/edaptix/projects/hifive/download_180812/freedomstudio/freedomstudio/sifive/riscv64-unknown-elf-gcc-20171231-x86_64-w64-mingw32/bin/../lib/gcc/riscv64-unknown-elf/7.2.0/rv32im/ilp32/crtbegin.o
 *(COMMON)
 COMMON         0x0000000000011454      0x2c4 ./src/main.o
                0x0000000000011454                i2c_master_sda_bank
                0x0000000000011474                i2c_master_trigger
                0x0000000000011494                i2c_slave_write_data
                0x00000000000114b4                i2c_slave_state
                0x00000000000114d4                i2c_master_scl_bit
                0x00000000000114f4                program_state
                0x00000000000114f8                i2c_master_sda_set_add
                0x0000000000011518                i2c_master_hash
                0x0000000000011538                i2c_master_sda_bit
                0x0000000000011558                i2c_slave_read_data
                0x0000000000011578                i2c_slave_scl_bank
                0x0000000000011598                i2c_slave_sda_bank
                0x00000000000115b8                i2c_master_sda_clr_add
                0x00000000000115d8                i2c_master_read_data
                0x00000000000115f8                i2c_slave_scl_bit
                0x0000000000011618                i2c_master_delay
                0x0000000000011638                i2c_slave_add
                0x0000000000011658                i2c_master_state
                0x0000000000011678                i2c_master_scl_set_add
                0x0000000000011698                i2c_slave_hash
                0x00000000000116b8                i2c_master_write_data
                0x00000000000116d8                i2c_master_scl_clr_add
                0x00000000000116f8                i2c_slave_sda_bit
 COMMON         0x0000000000011718      0x120 ./include/driver_gpio.o
                0x0000000000011718                gpio_event_hash
                0x0000000000011838                . = ALIGN ((. != 0x0)?0x4:0x1)
                0x0000000000011838                . = ALIGN (0x4)
                0x0000000000011838                . = SEGMENT_START ("ldata-segment", .)
                0x0000000000011838                . = ALIGN (0x4)
                0x0000000000011838                _end = .
                [!provide]                        PROVIDE (end, .)
                0x0000000000011838                . = DATA_SEGMENT_END (.)

.stab
 *(.stab)

.stabstr
 *(.stabstr)

.stab.excl
 *(.stab.excl)

.stab.exclstr
 *(.stab.exclstr)

.stab.index
 *(.stab.index)

.stab.indexstr
 *(.stab.indexstr)

.comment        0x0000000000000000       0x11
 *(.comment)
 .comment       0x0000000000000000       0x11 d:/edaptix/projects/hifive/download_180812/freedomstudio/freedomstudio/sifive/riscv64-unknown-elf-gcc-20171231-x86_64-w64-mingw32/bin/../lib/gcc/riscv64-unknown-elf/7.2.0/rv32im/ilp32/crtbegin.o
                                         0x12 (size before relaxing)
 .comment       0x0000000000000011       0x12 ./src/main.o
 .comment       0x0000000000000011       0x12 ./include/ca_util.o
 .comment       0x0000000000000011       0x12 ./include/driver_gpio.o
 .comment       0x0000000000000011       0x12 ./include/driver_i2c.o
 .comment       0x0000000000000011       0x12 ./include/driver_i2c_custom.o
 .comment       0x0000000000000011       0x12 d:/edaptix/projects/hifive/download_180812/freedomstudio/freedomstudio/sifive/riscv64-unknown-elf-gcc-20171231-x86_64-w64-mingw32/bin/../lib/gcc/riscv64-unknown-elf/7.2.0/../../../../riscv64-unknown-elf/lib/rv32im/ilp32\libc.a(lib_a-atexit.o)
 .comment       0x0000000000000011       0x12 d:/edaptix/projects/hifive/download_180812/freedomstudio/freedomstudio/sifive/riscv64-unknown-elf-gcc-20171231-x86_64-w64-mingw32/bin/../lib/gcc/riscv64-unknown-elf/7.2.0/../../../../riscv64-unknown-elf/lib/rv32im/ilp32\libc.a(lib_a-exit.o)
 .comment       0x0000000000000011       0x12 d:/edaptix/projects/hifive/download_180812/freedomstudio/freedomstudio/sifive/riscv64-unknown-elf-gcc-20171231-x86_64-w64-mingw32/bin/../lib/gcc/riscv64-unknown-elf/7.2.0/../../../../riscv64-unknown-elf/lib/rv32im/ilp32\libc.a(lib_a-fini.o)
 .comment       0x0000000000000011       0x12 d:/edaptix/projects/hifive/download_180812/freedomstudio/freedomstudio/sifive/riscv64-unknown-elf-gcc-20171231-x86_64-w64-mingw32/bin/../lib/gcc/riscv64-unknown-elf/7.2.0/../../../../riscv64-unknown-elf/lib/rv32im/ilp32\libc.a(lib_a-impure.o)
 .comment       0x0000000000000011       0x12 d:/edaptix/projects/hifive/download_180812/freedomstudio/freedomstudio/sifive/riscv64-unknown-elf-gcc-20171231-x86_64-w64-mingw32/bin/../lib/gcc/riscv64-unknown-elf/7.2.0/../../../../riscv64-unknown-elf/lib/rv32im/ilp32\libc.a(lib_a-init.o)
 .comment       0x0000000000000011       0x12 d:/edaptix/projects/hifive/download_180812/freedomstudio/freedomstudio/sifive/riscv64-unknown-elf-gcc-20171231-x86_64-w64-mingw32/bin/../lib/gcc/riscv64-unknown-elf/7.2.0/../../../../riscv64-unknown-elf/lib/rv32im/ilp32\libc.a(lib_a-__atexit.o)
 .comment       0x0000000000000011       0x12 d:/edaptix/projects/hifive/download_180812/freedomstudio/freedomstudio/sifive/riscv64-unknown-elf-gcc-20171231-x86_64-w64-mingw32/bin/../lib/gcc/riscv64-unknown-elf/7.2.0/../../../../riscv64-unknown-elf/lib/rv32im/ilp32\libc.a(lib_a-__call_atexit.o)
 .comment       0x0000000000000011       0x12 d:/edaptix/projects/hifive/download_180812/freedomstudio/freedomstudio/sifive/riscv64-unknown-elf-gcc-20171231-x86_64-w64-mingw32/bin/../lib/gcc/riscv64-unknown-elf/7.2.0/../../../../riscv64-unknown-elf/lib/rv32im/ilp32\libgloss.a(sys_exit.o)
 .comment       0x0000000000000011       0x12 d:/edaptix/projects/hifive/download_180812/freedomstudio/freedomstudio/sifive/riscv64-unknown-elf-gcc-20171231-x86_64-w64-mingw32/bin/../lib/gcc/riscv64-unknown-elf/7.2.0/../../../../riscv64-unknown-elf/lib/rv32im/ilp32\libc.a(lib_a-errno.o)
 .comment       0x0000000000000011       0x12 d:/edaptix/projects/hifive/download_180812/freedomstudio/freedomstudio/sifive/riscv64-unknown-elf-gcc-20171231-x86_64-w64-mingw32/bin/../lib/gcc/riscv64-unknown-elf/7.2.0/rv32im/ilp32/crtend.o

.debug
 *(.debug)

.line
 *(.line)

.debug_srcinfo
 *(.debug_srcinfo)

.debug_sfnames
 *(.debug_sfnames)

.debug_aranges  0x0000000000000000       0xe8
 *(.debug_aranges)
 .debug_aranges
                0x0000000000000000       0x20 ./src/main.o
 .debug_aranges
                0x0000000000000020       0x20 ./include/ca_util.o
 .debug_aranges
                0x0000000000000040       0x30 ./include/driver_gpio.o
 .debug_aranges
                0x0000000000000070       0x50 ./include/driver_i2c.o
 .debug_aranges
                0x00000000000000c0       0x28 ./include/driver_i2c_custom.o

.debug_pubnames
 *(.debug_pubnames)

.debug_info     0x0000000000000000     0x11b0
 *(.debug_info .gnu.linkonce.wi.*)
 .debug_info    0x0000000000000000      0x533 ./src/main.o
 .debug_info    0x0000000000000533       0x5f ./include/ca_util.o
 .debug_info    0x0000000000000592      0x118 ./include/driver_gpio.o
 .debug_info    0x00000000000006aa      0x790 ./include/driver_i2c.o
 .debug_info    0x0000000000000e3a      0x376 ./include/driver_i2c_custom.o

.debug_abbrev   0x0000000000000000      0x4fd
 *(.debug_abbrev)
 .debug_abbrev  0x0000000000000000       0x9e ./src/main.o
 .debug_abbrev  0x000000000000009e       0x57 ./include/ca_util.o
 .debug_abbrev  0x00000000000000f5       0xc2 ./include/driver_gpio.o
 .debug_abbrev  0x00000000000001b7      0x230 ./include/driver_i2c.o
 .debug_abbrev  0x00000000000003e7      0x116 ./include/driver_i2c_custom.o

.debug_line     0x0000000000000000      0xa83
 *(.debug_line .debug_line.* .debug_line_end)
 .debug_line    0x0000000000000000      0x15b ./src/main.o
 .debug_line    0x000000000000015b       0x67 ./include/ca_util.o
 .debug_line    0x00000000000001c2       0xc8 ./include/driver_gpio.o
 .debug_line    0x000000000000028a      0x69b ./include/driver_i2c.o
 .debug_line    0x0000000000000925      0x15e ./include/driver_i2c_custom.o

.debug_frame    0x0000000000000000      0x1b0
 *(.debug_frame)
 .debug_frame   0x0000000000000000       0x30 ./src/main.o
 .debug_frame   0x0000000000000030       0x20 ./include/ca_util.o
 .debug_frame   0x0000000000000050       0x40 ./include/driver_gpio.o
 .debug_frame   0x0000000000000090       0xcc ./include/driver_i2c.o
 .debug_frame   0x000000000000015c       0x54 ./include/driver_i2c_custom.o

.debug_str      0x0000000000000000      0x4bf
 *(.debug_str)
 .debug_str     0x0000000000000000      0x304 ./src/main.o
 .debug_str     0x0000000000000304       0x27 ./include/ca_util.o
                                        0x129 (size before relaxing)
 .debug_str     0x000000000000032b       0x7c ./include/driver_gpio.o
                                        0x178 (size before relaxing)
 .debug_str     0x00000000000003a7       0xcc ./include/driver_i2c.o
                                        0x427 (size before relaxing)
 .debug_str     0x0000000000000473       0x4c ./include/driver_i2c_custom.o
                                        0x368 (size before relaxing)

.debug_loc      0x0000000000000000      0xd81
 *(.debug_loc)
 .debug_loc     0x0000000000000000       0x21 ./include/ca_util.o
 .debug_loc     0x0000000000000021      0x111 ./include/driver_gpio.o
 .debug_loc     0x0000000000000132      0xb44 ./include/driver_i2c.o
 .debug_loc     0x0000000000000c76      0x10b ./include/driver_i2c_custom.o

.debug_macinfo
 *(.debug_macinfo)

.debug_weaknames
 *(.debug_weaknames)

.debug_funcnames
 *(.debug_funcnames)

.debug_typenames
 *(.debug_typenames)

.debug_varnames
 *(.debug_varnames)

.debug_pubtypes
 *(.debug_pubtypes)

.debug_ranges   0x0000000000000000       0xf8
 *(.debug_ranges)
 .debug_ranges  0x0000000000000000       0x10 ./src/main.o
 .debug_ranges  0x0000000000000010       0x10 ./include/ca_util.o
 .debug_ranges  0x0000000000000020       0x20 ./include/driver_gpio.o
 .debug_ranges  0x0000000000000040       0x70 ./include/driver_i2c.o
 .debug_ranges  0x00000000000000b0       0x48 ./include/driver_i2c_custom.o

.debug_macro
 *(.debug_macro)

.debug_addr
 *(.debug_addr)

.gnu.attributes
 *(.gnu.attributes)

/DISCARD/
 *(.note.GNU-stack)
 *(.gnu_debuglink)
 *(.gnu.lto_*)
OUTPUT(drivers_i2c_0.elf elf32-littleriscv)
