18:49:42 **** Incremental Build of configuration Release for project drivers_spi_1 ****
make all 
Building target: drivers_spi_1.elf
Invoking: GNU RISC-V Cross C Linker
riscv64-unknown-elf-gcc -march=rv32imc -mabi=ilp32 -msmall-data-limit=8 -Os -fmessage-length=0 -fsigned-char -ffunction-sections -fdata-sections  -g -Xlinker --gc-sections -Wl,-Map,"drivers_spi_1.map" -o "drivers_spi_1.elf"  ./src/main.o  ./include/driver_gpio.o ./include/driver_spi.o ./include/driver_spi_custom.o   
Finished building target: drivers_spi_1.elf
 
Invoking: GNU RISC-V Cross Create Flash Image
riscv64-unknown-elf-objcopy -O ihex "drivers_spi_1.elf"  "drivers_spi_1.hex"
Finished building: drivers_spi_1.hex
 
Invoking: GNU RISC-V Cross Print Size
riscv64-unknown-elf-size --format=berkeley "drivers_spi_1.elf"
   text	   data	    bss	    dec	    hex	filename
   2340	   1080	    432	   3852	    f0c	drivers_spi_1.elf
Finished building: drivers_spi_1.siz
 

18:49:44 Build Finished (took 2s.339ms)

