18:06:21 **** Incremental Build of configuration Release for project system_3_0 ****
make all 
Building file: ../src/main.c
Invoking: GNU RISC-V Cross C Compiler
riscv64-unknown-elf-gcc -march=rv32imc -mabi=ilp32 -msmall-data-limit=8 -Os -fmessage-length=0 -fsigned-char -ffunction-sections -fdata-sections  -g -I"D:\EDAptix\projects\arduissimo\work\tests\system\system_3\ws_system_3\system_3_0\include" -std=gnu11 -MMD -MP -MF"src/main.d" -MT"src/main.o" -c -o "src/main.o" "../src/main.c"
Finished building: ../src/main.c
 
Building file: ../include/system.c
Invoking: GNU RISC-V Cross C Compiler
riscv64-unknown-elf-gcc -march=rv32imc -mabi=ilp32 -msmall-data-limit=8 -Os -fmessage-length=0 -fsigned-char -ffunction-sections -fdata-sections  -g -I"D:\EDAptix\projects\arduissimo\work\tests\system\system_3\ws_system_3\system_3_0\include" -std=gnu11 -MMD -MP -MF"include/system.d" -MT"include/system.o" -c -o "include/system.o" "../include/system.c"
Finished building: ../include/system.c
 
Building target: system_3_0.elf
Invoking: GNU RISC-V Cross C++ Linker
riscv64-unknown-elf-g++ -march=rv32imc -mabi=ilp32 -msmall-data-limit=8 -Os -fmessage-length=0 -fsigned-char -ffunction-sections -fdata-sections  -g -Xlinker --gc-sections -Wl,-Map,"system_3_0.map" -o "system_3_0.elf"  ./src/main.o  ./include/system.o   
Finished building target: system_3_0.elf
 
Invoking: GNU RISC-V Cross Create Flash Image
riscv64-unknown-elf-objcopy -O ihex "system_3_0.elf"  "system_3_0.hex"
Finished building: system_3_0.hex
 
Invoking: GNU RISC-V Cross Print Size
riscv64-unknown-elf-size --format=berkeley "system_3_0.elf"
   text	   data	    bss	    dec	    hex	filename
   3120	   1080	     40	   4240	   1090	system_3_0.elf
Finished building: system_3_0.siz
 
18:06:53 **** Incremental Build of configuration Release for project system_3_0 ****
make all 
Building file: ../src/main.c
Invoking: GNU RISC-V Cross C Compiler
riscv64-unknown-elf-gcc -march=rv32imc -mabi=ilp32 -msmall-data-limit=8 -Os -fmessage-length=0 -fsigned-char -ffunction-sections -fdata-sections  -g -I"D:\EDAptix\projects\arduissimo\work\tests\system\system_3\ws_system_3\system_3_0\include" -std=gnu11 -MMD -MP -MF"src/main.d" -MT"src/main.o" -c -o "src/main.o" "../src/main.c"
Finished building: ../src/main.c
 
Building target: system_3_0.elf
Invoking: GNU RISC-V Cross C++ Linker
riscv64-unknown-elf-g++ -march=rv32imc -mabi=ilp32 -msmall-data-limit=8 -Os -fmessage-length=0 -fsigned-char -ffunction-sections -fdata-sections  -g -Xlinker --gc-sections -Wl,-Map,"system_3_0.map" -o "system_3_0.elf"  ./src/main.o  ./include/system.o   
Finished building target: system_3_0.elf
 
Invoking: GNU RISC-V Cross Create Flash Image
riscv64-unknown-elf-objcopy -O ihex "system_3_0.elf"  "system_3_0.hex"
Finished building: system_3_0.hex
 
Invoking: GNU RISC-V Cross Print Size
riscv64-unknown-elf-size --format=berkeley "system_3_0.elf"
   text	   data	    bss	    dec	    hex	filename
   3120	   1080	     40	   4240	   1090	system_3_0.elf
Finished building: system_3_0.siz
 
18:57:37 **** Incremental Build of configuration Release for project system_3_0 ****
make all 
Building file: ../src/main.c
Invoking: GNU RISC-V Cross C Compiler
riscv64-unknown-elf-gcc -march=rv32imc -mabi=ilp32 -msmall-data-limit=8 -Os -fmessage-length=0 -fsigned-char -ffunction-sections -fdata-sections  -g -I"D:\EDAptix\projects\arduissimo\dev\tests\system\system_3\ws_system_3\system_3_0\include" -std=gnu11 -MMD -MP -MF"src/main.d" -MT"src/main.o" -c -o "src/main.o" "../src/main.c"
../src/main.c: In function 'main':
../src/main.c:51:4: error: 'GPIO_9_LVL1' undeclared (first use in this function); did you mean 'GPIO_0_LVL1'?
    GPIO_9_LVL1 = 0xff;
    ^~~~~~~~~~~
    GPIO_0_LVL1
../src/main.c:51:4: note: each undeclared identifier is reported only once for each function it appears in
../src/main.c:52:4: error: 'GPIO_10_LVL1' undeclared (first use in this function); did you mean 'GPIO_0_LVL1'?
    GPIO_10_LVL1 = 0xff;
    ^~~~~~~~~~~~
    GPIO_0_LVL1
../src/main.c:53:4: error: 'GPIO_11_LVL1' undeclared (first use in this function); did you mean 'GPIO_10_LVL1'?
    GPIO_11_LVL1 = 0xff;
    ^~~~~~~~~~~~
    GPIO_10_LVL1
make: *** [src/subdir.mk:20: src/main.o] Error 1
18:58:17 **** Incremental Build of configuration Release for project system_3_0 ****
make all 
Building file: ../src/main.c
Invoking: GNU RISC-V Cross C Compiler
riscv64-unknown-elf-gcc -march=rv32imc -mabi=ilp32 -msmall-data-limit=8 -Os -fmessage-length=0 -fsigned-char -ffunction-sections -fdata-sections  -g -I"D:\EDAptix\projects\arduissimo\dev\tests\system\system_3\ws_system_3\system_3_0\include" -std=gnu11 -MMD -MP -MF"src/main.d" -MT"src/main.o" -c -o "src/main.o" "../src/main.c"
Finished building: ../src/main.c
 
Building file: ../include/system.c
Invoking: GNU RISC-V Cross C Compiler
riscv64-unknown-elf-gcc -march=rv32imc -mabi=ilp32 -msmall-data-limit=8 -Os -fmessage-length=0 -fsigned-char -ffunction-sections -fdata-sections  -g -I"D:\EDAptix\projects\arduissimo\dev\tests\system\system_3\ws_system_3\system_3_0\include" -std=gnu11 -MMD -MP -MF"include/system.d" -MT"include/system.o" -c -o "include/system.o" "../include/system.c"
Finished building: ../include/system.c
 
Building target: system_3_0.elf
Invoking: GNU RISC-V Cross C++ Linker
riscv64-unknown-elf-g++ -march=rv32imc -mabi=ilp32 -msmall-data-limit=8 -Os -fmessage-length=0 -fsigned-char -ffunction-sections -fdata-sections  -g -Xlinker --gc-sections -Wl,-Map,"system_3_0.map" -o "system_3_0.elf"  ./src/main.o  ./include/system.o   
Finished building target: system_3_0.elf
 
Invoking: GNU RISC-V Cross Create Flash Image
riscv64-unknown-elf-objcopy -O ihex "system_3_0.elf"  "system_3_0.hex"
Finished building: system_3_0.hex
 
Invoking: GNU RISC-V Cross Print Size
riscv64-unknown-elf-size --format=berkeley "system_3_0.elf"
   text	   data	    bss	    dec	    hex	filename
   1760	   1080	     28	   2868	    b34	system_3_0.elf
Finished building: system_3_0.siz
 
